[bloxsense.pub/favicon.ico]
[ajax.googleapis.com/ajax/libs/jquery/1.11.2/jquery.min.js]
[maxcdn.bootstrapcdn.com/bootstrap/3.3.4/js/bootstrap.min.js]
[backblue.gif]
[fade.gif]
[index.html]
[bloxsense.pub/index.html]
[bloxsense.pub/static/css/style.css]
[bloxsense.pub/static/fonts/fontawesome-webfont3e6e.woff2]
[bloxsense.pub/static/css/font-awesome.min.css]
[bloxsense.pub/static/css/bootstrap.min.css]
[bloxsense.pub/static/js/scrollreveal.html]
[bloxsense.pub/static/fonts/fontawesome-webfont3e6e.html]
[bloxsense.pub/static/fonts/fontawesome-webfontd41d.html]
[bloxsense.pub/static/fonts/fontawesome-webfont3e6e-2.html]
[bloxsense.pub/static/fonts/fontawesome-webfont3e6e-3.html]
[bloxsense.pub/static/fonts/fontawesome-webfont3e6e-4.html]
[bloxsense.pub/static/fonts/glyphicons-halflings-regular.html]
[bloxsense.pub/static/fonts/glyphicons-halflings-regulard41d.html]
[bloxsense.pub/static/fonts/glyphicons-halflings-regular-2.html]
[bloxsense.pub/static/fonts/glyphicons-halflings-regular-3.html]
[bloxsense.pub/static/fonts/glyphicons-halflings-regular-4.html]
[bloxsense.pub/static/fonts/glyphicons-halflings-regular-5.html]
